// Jest Snapshot v1, https://goo.gl/fbAQLP

exports[`<UserTextForm onUserTextSubmit={ console.log } elementName="comment" /> render() renders the user form 1`] = `
<form
  onSubmit={[Function]}
>
  <div
    className="form-group"
  >
    <label>
      Your 
      comment
    </label>
    <textarea
      className="form-control"
    />
  </div>
  <div
    className="form-group"
  >
    <label>
      Your name
    </label>
    <input
      className="form-control"
      type="text"
    />
  </div>
  <div>
    <button
      className="btn btn-default"
      type="submit"
    >
      Send the 
      comment
      !
    </button>
  </div>
</form>
`;
